[debug] [2026-08-28T13:23:13.139Z] ----------------------------------------------------------------------
[debug] [2026-08-28T13:23:13.141Z] Command:       C:\Program Files\nodejs\node.exe C:\Users\satya\AppData\Roaming\npm\node_modules\firebase-tools\lib\bin\firebase.js projects:list
[debug] [2026-08-28T13:23:13.141Z] CLI Version:   15.12.0
[debug] [2026-08-28T13:23:13.141Z] Platform:      win32
[debug] [2026-08-28T13:23:13.141Z] Node Version:  v22.23.1
[debug] [2026-08-28T13:23:13.141Z] Time:          Sat Aug 29 2026 01:23:13 GMT+1200 (New Zealand Standard Time)
[debug] [2026-08-28T13:23:13.141Z] ----------------------------------------------------------------------
[debug] 
[debug] [2026-08-28T13:23:13.143Z] >>> [apiv2][query] GET https://firebase-public.firebaseio.com/cli.json [none]
[debug] [2026-08-28T13:23:13.314Z] > command requires scopes: ["email","openid","https://www.googleapis.com/auth/cloudplatformprojects.readonly","https://www.googleapis.com/auth/firebase","https://www.googleapis.com/auth/cloud-platform"]
[debug] [2026-08-28T13:23:13.314Z] > authorizing via signed-in user (satyamkamboj296@gmail.com)
[debug] [2026-08-28T13:23:13.316Z] Checked if tokens are valid: false, expires at: 1752647447641
[debug] [2026-08-28T13:23:13.316Z] Checked if tokens are valid: false, expires at: 1752647447641
[debug] [2026-08-28T13:23:13.316Z] > refreshing access token with scopes: []
[debug] [2026-08-28T13:23:13.317Z] >>> [apiv2][query] POST https://www.googleapis.com/oauth2/v3/token [none]
[debug] [2026-08-28T13:23:13.317Z] >>> [apiv2][body] POST https://www.googleapis.com/oauth2/v3/token [omitted]
[debug] [2026-08-28T13:23:13.637Z] <<< [apiv2][status] POST https://www.googleapis.com/oauth2/v3/token 400
[debug] [2026-08-28T13:23:13.637Z] <<< [apiv2][body] POST https://www.googleapis.com/oauth2/v3/token [omitted]
[debug] [2026-08-28T13:23:13.638Z] >>> [apiv2][query] GET https://firebase.googleapis.com/v1beta1/projects pageSize=1000
[debug] [2026-08-28T13:23:13.758Z] <<< [apiv2][status] GET https://firebase-public.firebaseio.com/cli.json 200
[debug] [2026-08-28T13:23:13.759Z] <<< [apiv2][body] GET https://firebase-public.firebaseio.com/cli.json {"cloudBuildErrorAfter":1594252800000,"cloudBuildWarnAfter":1590019200000,"defaultNode10After":1594252800000,"minVersion":"3.0.5","node8DeploysDisabledAfter":1613390400000,"node8RuntimeDisabledAfter":1615809600000,"node8WarnAfter":1600128000000}
[debug] [2026-08-28T13:23:13.994Z] <<< [apiv2][status] GET https://firebase.googleapis.com/v1beta1/projects 401
[debug] [2026-08-28T13:23:13.994Z] <<< [apiv2][body] GET https://firebase.googleapis.com/v1beta1/projects [omitted]
[debug] [2026-08-28T13:23:13.994Z] Got a 401 Unauthenticated error for a call that required authentication. Refreshing tokens.
[debug] [2026-08-28T13:23:13.994Z] Checked if tokens are valid: false, expires at: 1752647447641
[debug] [2026-08-28T13:23:13.994Z] Checked if tokens are valid: false, expires at: 1752647447641
[debug] [2026-08-28T13:23:13.994Z] > refreshing access token with scopes: []
[debug] [2026-08-28T13:23:13.994Z] >>> [apiv2][query] POST https://www.googleapis.com/oauth2/v3/token [none]
[debug] [2026-08-28T13:23:13.994Z] >>> [apiv2][body] POST https://www.googleapis.com/oauth2/v3/token [omitted]
[debug] [2026-08-28T13:23:14.142Z] <<< [apiv2][status] POST https://www.googleapis.com/oauth2/v3/token 400
[debug] [2026-08-28T13:23:14.142Z] <<< [apiv2][body] POST https://www.googleapis.com/oauth2/v3/token [omitted]
[debug] [2026-08-28T13:23:14.142Z] Request to https://firebase.googleapis.com/v1beta1/projects?pageSize=1000 had HTTP Error: 401, Request had invalid authentication credentials. Expected OAuth 2 access token, login cookie or other valid authentication credential. See https://developers.google.com/identity/sign-in/web/devconsole-project.
[debug] [2026-08-28T13:23:14.143Z] FirebaseError: Request to https://firebase.googleapis.com/v1beta1/projects?pageSize=1000 had HTTP Error: 401, Request had invalid authentication credentials. Expected OAuth 2 access token, login cookie or other valid authentication credential. See https://developers.google.com/identity/sign-in/web/devconsole-project.
    at responseToError (C:\Users\satya\AppData\Roaming\npm\node_modules\firebase-tools\lib\responseToError.js:53:12)
    at RetryOperation._fn (C:\Users\satya\AppData\Roaming\npm\node_modules\firebase-tools\lib\apiv2.js:333:77)
    at process.processTicksAndRejections (node:internal/process/task_queues:103:5)
[error] 
[error] Error: Failed to list Firebase projects. See firebase-debug.log for more info.
